item=SingleLineComment(Owned(" for all we know"))
    =SingleLineComment(Owned(" for all we know"))
