item=SingleLineComment(Owned(" this is a comment"))
    =SingleLineComment(Owned(" this is a comment"))
item=MultiLineComment([Owned("this is a multiline"), Inline("  comment")])
    =MultiLineComment([Owned("this is a multiline"), Inline("  comment")])
item=Other([Minus, Time(NT(12:44:00)), Rest(Inline("test  some time"))])
    =Other([Subitem(L(0, 6, 0), Minus), Subitem(L(0, 6, 1), Time(NT(12:44:00))), Subitem(L(0, 6, 7), Rest(Inline("test  some time")))])
item=Empty(1)
    =Empty(1)
item=MultiLineComment([Owned("some more commenting")])
    =MultiLineComment([Owned("some more commenting")])
item=SingleLineComment(Inline("[and yet more]"))
    =SingleLineComment(Inline("[and yet more]"))
