item=SingleLineComment(Owned(" this is a comment"))
    =SingleLineComment(Owned(" this is a comment"))
