item=SingleLineComment(" this is a comment")
    =SingleLineComment(" this is a comment")
item=MultiLineComment(["this is a multiline", "  comment"])
    =MultiLineComment(["this is a multiline", "  comment"])
item=Other([Minus, Time(NT(12:44:00)), Rest("test  some time")])
    =Other([Subitem(L(0, 6, 0), Minus), Subitem(L(0, 6, 1), Time(NT(12:44:00))), Subitem(L(0, 6, 7), Rest("test  some time"))])
item=Empty(1)
    =Empty(1)
item=MultiLineComment(["some more commenting"])
    =MultiLineComment(["some more commenting"])
item=SingleLineComment("[and yet more]")
    =SingleLineComment("[and yet more]")
