item=ProcessingInstruction { key: "foo", value: "1" }
    =ProcessingInstruction { key: "foo", value: "1" }
