item=SingleLineComment(" for all we know")
    =SingleLineComment(" for all we know")
