item=SingleLineComment(" this is a comment")
    =SingleLineComment(" this is a comment")
item=MultiLineComment(["this is a multiline", "  comment"])
    =MultiLineComment(["this is a multiline", "  comment"])
item=Other([Minus, Time(NT(12:44:21)), Rest("test  some time")])
    =Other([Subitem(L(0, 6, 0), Minus), Subitem(L(0, 6, 1), Time(NT(12:44:21))), Subitem(L(0, 6, 10), Rest("test  some time"))])
item=Other([Minus, Time(NTZ(17:16:31, Zone("UTC"))), Rest("time for some stuff")])
    =Other([Subitem(L(0, 7, 0), Minus), Subitem(L(0, 7, 1), Time(NTZ(17:16:31, Zone("UTC")))), Subitem(L(0, 7, 13), Rest("time for some stuff"))])
item=Other([Minus, Time(NTZ(17:16:00, Zone("UTC"))), Rest("time for some stuff")])
    =Other([Subitem(L(0, 8, 0), Minus), Subitem(L(0, 8, 1), Time(NTZ(17:16:00, Zone("UTC")))), Subitem(L(0, 8, 10), Rest("time for some stuff"))])
item=Empty(1)
    =Empty(1)
item=MultiLineComment(["some more commenting"])
    =MultiLineComment(["some more commenting"])
item=SingleLineComment("[and yet more]")
    =SingleLineComment("[and yet more]")
item=MultiLineComment(["blabla"])
    =MultiLineComment(["blabla"])
item=ProcessingInstruction { key: "TZ", value: "Zurich" }
    =ProcessingInstruction { key: "TZ", value: "Zurich" }
item=Other([Time(NT(03:27:00)), Minus, Time(NT(06:44:01)), Rest("test-again")])
    =Other([Subitem(L(0, 18, 0), Time(NT(03:27:00))), Subitem(L(0, 18, 5), Minus), Subitem(L(0, 18, 6), Time(NT(06:44:01))), Subitem(L(0, 18, 14), Rest("test-again"))])
item=ProcessingInstruction { key: "TZ", value: "london" }
    =ProcessingInstruction { key: "TZ", value: "london" }
item=Empty(2)
    =Empty(2)
item=ProcessingInstruction { key: "hello", value: "123" }
    =ProcessingInstruction { key: "hello", value: "123" }
item=Empty(1)
    =Empty(1)
item=ProcessingInstruction { key: "hello2", value: "123too" }
    =ProcessingInstruction { key: "hello2", value: "123too" }
item=Empty(1)
    =Empty(1)
item=Other([Rest("Mon_31_Oct_200350_CET_2022"), Minus, Time(NT(21:18:04)), Rest("infrastructure")])
    =Other([Subitem(L(0, 26, 0), Rest("Mon_31_Oct_200350_CET_2022")), Subitem(L(0, 26, 26), Minus), Subitem(L(0, 26, 28), Time(NT(21:18:04))), Subitem(L(0, 26, 57), Rest("infrastructure"))])
item=Other([Minus, Time(NT(23:01:00)), Rest("project-foo")])
    =Other([Subitem(L(0, 27, 0), Minus), Subitem(L(0, 27, 1), Time(NT(23:01:00))), Subitem(L(0, 27, 7), Rest("project-foo"))])
item=Other([Time(NT(03:27:00)), Minus, Time(NTZ(10:44:10, Zone("GMT"))), Rest("test-again")])
    =Other([Subitem(L(0, 28, 0), Time(NT(03:27:00))), Subitem(L(0, 28, 5), Minus), Subitem(L(0, 28, 6), Time(NTZ(10:44:10, Zone("GMT")))), Subitem(L(0, 28, 28), Rest("test-again"))])
item=Other([Minus, Time(NT(23:42:51)), Rest("something")])
    =Other([Subitem(L(0, 29, 0), Minus), Subitem(L(0, 29, 2), Time(NT(23:42:51))), Subitem(L(0, 29, 31), Rest("something"))])
item=Other([Minus, Time(NT(15:43:04)), Rest("aufstellen")])
    =Other([Subitem(L(0, 30, 0), Minus), Subitem(L(0, 30, 2), Time(NT(15:43:04))), Subitem(L(0, 30, 31), Rest("aufstellen"))])
item=Other([Minus, Time(NT(16:39:00))])
    =Other([Subitem(L(0, 31, 0), Minus), Subitem(L(0, 31, 1), Time(NT(16:39:00)))])
item=Other([Time(NT(03:27:00)), Minus, Time(NTZ(10:44:10, Zone("GMT"))), Rest("<foo> test-again")])
    =Other([Subitem(L(0, 32, 0), Time(NT(03:27:00))), Subitem(L(0, 32, 5), Minus), Subitem(L(0, 32, 6), Time(NTZ(10:44:10, Zone("GMT")))), Subitem(L(0, 32, 17), Rest("<foo> test-again"))])
Hello, world!
